  GDPHYSX-SampleProject.cpp
  ContactResolver.cpp
C:\Users\Matthew Jayd\Phys-P2\LECTURE\p6\ContactResolver.cpp(10,29): warning C4018: '<': signed/unsigned mismatch
  DragForceGenerator.cpp
  ForceGenerator.cpp
  ForceRegistry.cpp
  GravityForceGenerator.cpp
  ParticleContact.cpp
  PhysicsParticle.cpp
  PhysicsWorld.cpp
  AnchoredSpring.cpp
  bungee.cpp
  chain.cpp
  ParticleLink.cpp
  ParticleSpring.cpp
  Rod.cpp
  Generating code
  22 of 2271 functions ( 1.0%) were compiled, the rest were copied from previous compilation.
    0 functions were new in current compilation
    5 functions had inline decision re-evaluated but remain unchanged
  Finished generating code
  GRAP1_Projects.vcxproj -> C:\Users\Matthew Jayd\Phys-P2\LECTURE\x64\Release\GDPHYSX-SampleProject.exe
